#-----------------------------------------------------------
# Vivado v2014.1 (64-bit)
# SW Build 881834 on Fri Apr  4 14:15:54 MDT 2014
# IP Build 877625 on Fri Mar 28 16:29:15 MDT 2014
# Start of session at: Wed Feb 25 23:48:07 2015
# Process ID: 5372
# Log file: C:/Xilinx_proj/ip_repo/ovtop/vivado.log
# Journal file: C:/Xilinx_proj/ip_repo/ovtop\vivado.jou
#-----------------------------------------------------------
start_gui
open_project {C:\Xilinx_proj\ip_repo\ovtop\ovtop.xpr}
ipx::open_ipxact_file {C:/Xilinx_proj/ip_repo/ovtop/ovtop.srcs/sources_1/imports/ovtop/component.xml}
ipx::update_checksums [ipx::current_core]
ipx::save_core [ipx::current_core]
update_ip_catalog -rebuild -repo_path c:/Xilinx_proj/ip_repo/ovtop/ovtop.srcs/sources_1/imports/ovtop
launch_runs synth_1
wait_on_run synth_1
ipx::update_checksums [ipx::current_core]
ipx::save_core [ipx::current_core]
update_ip_catalog -rebuild -repo_path c:/Xilinx_proj/ip_repo/ovtop/ovtop.srcs/sources_1/imports/ovtop
update_compile_order -fileset sources_1
update_compile_order -fileset sources_1
update_compile_order -fileset sources_1
update_compile_order -fileset sources_1
update_compile_order -fileset sources_1
update_compile_order -fileset sources_1
update_compile_order -fileset sources_1
update_compile_order -fileset sources_1
reset_run synth_1
launch_runs synth_1
wait_on_run synth_1
ipx::update_checksums [ipx::current_core]
ipx::save_core [ipx::current_core]
update_ip_catalog -rebuild -repo_path c:/Xilinx_proj/ip_repo/ovtop/ovtop.srcs/sources_1/imports/ovtop
ipx::update_checksums [ipx::current_core]
ipx::save_core [ipx::current_core]
update_ip_catalog -rebuild -repo_path c:/Xilinx_proj/ip_repo/ovtop/ovtop.srcs/sources_1/imports/ovtop
ipx::update_checksums [ipx::current_core]
ipx::save_core [ipx::current_core]
update_ip_catalog -rebuild -repo_path c:/Xilinx_proj/ip_repo/ovtop/ovtop.srcs/sources_1/imports/ovtop
reset_run synth_1
launch_runs synth_1
wait_on_run synth_1
reset_run synth_1
launch_runs synth_1
wait_on_run synth_1
reset_run synth_1
launch_runs synth_1
wait_on_run synth_1
ipx::create_xgui_files [ipx::current_core]
ipx::update_checksums [ipx::current_core]
ipx::save_core [ipx::current_core]
ipx::remove_all_port [ipx::current_core]
ipx::add_ports_from_hdl [ipx::current_core] -top_level_hdl_file {C:/Xilinx_proj/ip_repo/ovtop/ovtop.srcs/sources_1/imports/ovtop/ov7670_top.v} -top_module_name {ov7670_top}
ipx::create_xgui_files [ipx::current_core]
ipx::update_checksums [ipx::current_core]
ipx::save_core [ipx::current_core]
ipx::update_checksums [ipx::current_core]
ipx::save_core [ipx::current_core]
update_ip_catalog -rebuild -repo_path c:/Xilinx_proj/ip_repo/ovtop/ovtop.srcs/sources_1/imports/ovtop
ipx::remove_all_port [ipx::current_core]
ipx::add_ports_from_hdl [ipx::current_core] -top_level_hdl_file {C:/Xilinx_proj/ip_repo/ovtop/ovtop.srcs/sources_1/imports/ovtop/ov7670_top.v} -top_module_name {ov7670_top}
ipx::create_xgui_files [ipx::current_core]
ipx::update_checksums [ipx::current_core]
ipx::save_core [ipx::current_core]
ipx::update_checksums [ipx::current_core]
ipx::save_core [ipx::current_core]
update_ip_catalog -rebuild -repo_path c:/Xilinx_proj/ip_repo/ovtop/ovtop.srcs/sources_1/imports/ovtop
ipx::update_checksums [ipx::current_core]
ipx::save_core [ipx::current_core]
update_ip_catalog -rebuild -repo_path c:/Xilinx_proj/ip_repo/ovtop/ovtop.srcs/sources_1/imports/ovtop
